Device: cuda
Run directory: /home/eker/Master-Thesis---Multi-modal-User-Intention-Estimation-and-Hand-Position-Prediction/Training/runs/final_clean_v1_mlp_v1_seed44
Windows: train=10958, validation=1780, test=1981
Participant split: {'train': ['Angelina', 'Berat', 'David', 'Felix', 'Florian', 'Jan', 'Jola', 'Julienco', 'Leys', 'Maria', 'Melih', 'Miro', 'Suthan', 'Tarik', 'Test', 'Urim', 'Yuzhi'], 'validation': ['Atilla', 'Ermal', 'Vanessa'], 'test': ['Edu', 'Jona', 'Mona']}
Dataset filter: selected=156, excluded_master_files=27, fingerprint=457a80f15423fe3e3853081e3a0d863248ec337dd7412cde65bc8ee56ff3049d
Discarded gap windows: train=0, validation=0, test=0
Discarded unlabeled endpoints: train=877, validation=150, test=136
Model: hierarchical_window_mlp
Trainable parameters: 197,051
Epoch 001 | loss=0.6603 | val intent F1=0.8974 | val assistance F1=0.9478 | val fetch/handover F1=0.9175 | val pose cm=16.701934814453125
Epoch 002 | loss=0.3797 | val intent F1=0.9022 | val assistance F1=0.9537 | val fetch/handover F1=0.9261 | val pose cm=14.030035972595215
Epoch 003 | loss=0.3007 | val intent F1=0.9189 | val assistance F1=0.9555 | val fetch/handover F1=0.9501 | val pose cm=17.079635620117188
Epoch 004 | loss=0.2488 | val intent F1=0.9193 | val assistance F1=0.9574 | val fetch/handover F1=0.9484 | val pose cm=14.886180877685547
Epoch 005 | loss=0.2360 | val intent F1=0.9247 | val assistance F1=0.9603 | val fetch/handover F1=0.9535 | val pose cm=17.93327522277832
Epoch 006 | loss=0.2091 | val intent F1=0.9245 | val assistance F1=0.9580 | val fetch/handover F1=0.9553 | val pose cm=13.898122787475586
Epoch 007 | loss=0.1895 | val intent F1=0.9278 | val assistance F1=0.9609 | val fetch/handover F1=0.9552 | val pose cm=16.60470962524414
Epoch 008 | loss=0.1739 | val intent F1=0.9211 | val assistance F1=0.9621 | val fetch/handover F1=0.9449 | val pose cm=17.29540252685547
Epoch 009 | loss=0.1613 | val intent F1=0.9246 | val assistance F1=0.9605 | val fetch/handover F1=0.9518 | val pose cm=15.496662139892578
Epoch 010 | loss=0.1559 | val intent F1=0.9248 | val assistance F1=0.9646 | val fetch/handover F1=0.9466 | val pose cm=16.474843978881836
Epoch 011 | loss=0.1376 | val intent F1=0.9236 | val assistance F1=0.9613 | val fetch/handover F1=0.9501 | val pose cm=17.451730728149414
Epoch 012 | loss=0.1456 | val intent F1=0.9289 | val assistance F1=0.9640 | val fetch/handover F1=0.9518 | val pose cm=15.854053497314453
Epoch 013 | loss=0.1387 | val intent F1=0.9306 | val assistance F1=0.9650 | val fetch/handover F1=0.9518 | val pose cm=16.109163284301758
Epoch 014 | loss=0.1217 | val intent F1=0.9155 | val assistance F1=0.9591 | val fetch/handover F1=0.9413 | val pose cm=17.98611068725586
Epoch 015 | loss=0.1193 | val intent F1=0.9287 | val assistance F1=0.9638 | val fetch/handover F1=0.9534 | val pose cm=13.997152328491211
Epoch 016 | loss=0.1069 | val intent F1=0.9318 | val assistance F1=0.9653 | val fetch/handover F1=0.9552 | val pose cm=18.31184196472168
Epoch 017 | loss=0.0995 | val intent F1=0.9180 | val assistance F1=0.9577 | val fetch/handover F1=0.9517 | val pose cm=20.264266967773438
Epoch 018 | loss=0.1253 | val intent F1=0.9313 | val assistance F1=0.9647 | val fetch/handover F1=0.9553 | val pose cm=15.984042167663574
Epoch 019 | loss=0.1036 | val intent F1=0.9291 | val assistance F1=0.9626 | val fetch/handover F1=0.9552 | val pose cm=16.03748321533203
Epoch 020 | loss=0.0995 | val intent F1=0.9251 | val assistance F1=0.9612 | val fetch/handover F1=0.9518 | val pose cm=18.272266387939453
Test intention macro F1: 0.7996
Test assistance macro F1: 0.8420
Test fetch/handover macro F1: 0.9470
Best-pose checkpoint test position MAE: 18.40923309326172 cm
Metrics: /home/eker/Master-Thesis---Multi-modal-User-Intention-Estimation-and-Hand-Position-Prediction/Training/runs/final_clean_v1_mlp_v1_seed44/metrics.json
