Device: cuda
Run directory: /home/eker/Master-Thesis---Multi-modal-User-Intention-Estimation-and-Hand-Position-Prediction/Training/runs/final_clean_v1_gru_v1_seed44
Windows: train=10958, validation=1780, test=1981
Participant split: {'train': ['Angelina', 'Berat', 'David', 'Felix', 'Florian', 'Jan', 'Jola', 'Julienco', 'Leys', 'Maria', 'Melih', 'Miro', 'Suthan', 'Tarik', 'Test', 'Urim', 'Yuzhi'], 'validation': ['Atilla', 'Ermal', 'Vanessa'], 'test': ['Edu', 'Jona', 'Mona']}
Dataset filter: selected=156, excluded_master_files=27, fingerprint=457a80f15423fe3e3853081e3a0d863248ec337dd7412cde65bc8ee56ff3049d
Discarded gap windows: train=0, validation=0, test=0
Discarded unlabeled endpoints: train=877, validation=150, test=136
Model: hierarchical_gru
Trainable parameters: 190,187
Epoch 001 | loss=0.5305 | val intent F1=0.9119 | val assistance F1=0.9525 | val fetch/handover F1=0.9346 | val pose cm=18.64400863647461
Epoch 002 | loss=0.2818 | val intent F1=0.9035 | val assistance F1=0.9521 | val fetch/handover F1=0.9327 | val pose cm=16.61107635498047
Epoch 003 | loss=0.1948 | val intent F1=0.9225 | val assistance F1=0.9593 | val fetch/handover F1=0.9484 | val pose cm=19.844221115112305
Epoch 004 | loss=0.1519 | val intent F1=0.9204 | val assistance F1=0.9569 | val fetch/handover F1=0.9466 | val pose cm=19.872196197509766
Epoch 005 | loss=0.1311 | val intent F1=0.9159 | val assistance F1=0.9599 | val fetch/handover F1=0.9361 | val pose cm=18.225757598876953
Epoch 006 | loss=0.1094 | val intent F1=0.9055 | val assistance F1=0.9583 | val fetch/handover F1=0.9244 | val pose cm=18.8951473236084
Epoch 007 | loss=0.0897 | val intent F1=0.9150 | val assistance F1=0.9585 | val fetch/handover F1=0.9414 | val pose cm=18.945117950439453
Epoch 008 | loss=0.0905 | val intent F1=0.9156 | val assistance F1=0.9602 | val fetch/handover F1=0.9412 | val pose cm=15.359951972961426
Epoch 009 | loss=0.0671 | val intent F1=0.9121 | val assistance F1=0.9557 | val fetch/handover F1=0.9345 | val pose cm=15.476812362670898
Epoch 010 | loss=0.0637 | val intent F1=0.9167 | val assistance F1=0.9567 | val fetch/handover F1=0.9379 | val pose cm=16.917280197143555
Epoch 011 | loss=0.0487 | val intent F1=0.9121 | val assistance F1=0.9596 | val fetch/handover F1=0.9361 | val pose cm=17.275827407836914
Epoch 012 | loss=0.0469 | val intent F1=0.9027 | val assistance F1=0.9585 | val fetch/handover F1=0.9222 | val pose cm=18.10491180419922
Epoch 013 | loss=0.0483 | val intent F1=0.8993 | val assistance F1=0.9528 | val fetch/handover F1=0.9239 | val pose cm=14.851448059082031
Epoch 014 | loss=0.0526 | val intent F1=0.9064 | val assistance F1=0.9517 | val fetch/handover F1=0.9361 | val pose cm=13.90023422241211
Epoch 015 | loss=0.0398 | val intent F1=0.9036 | val assistance F1=0.9568 | val fetch/handover F1=0.9220 | val pose cm=17.17437171936035
Epoch 016 | loss=0.0354 | val intent F1=0.9132 | val assistance F1=0.9578 | val fetch/handover F1=0.9397 | val pose cm=18.04433250427246
Epoch 017 | loss=0.0414 | val intent F1=0.9137 | val assistance F1=0.9541 | val fetch/handover F1=0.9378 | val pose cm=16.980419158935547
Epoch 018 | loss=0.0374 | val intent F1=0.9071 | val assistance F1=0.9601 | val fetch/handover F1=0.9203 | val pose cm=15.300943374633789
Epoch 019 | loss=0.0377 | val intent F1=0.9052 | val assistance F1=0.9539 | val fetch/handover F1=0.9310 | val pose cm=16.119592666625977
Epoch 020 | loss=0.0333 | val intent F1=0.9130 | val assistance F1=0.9616 | val fetch/handover F1=0.9259 | val pose cm=16.389925003051758
Test intention macro F1: 0.8472
Test assistance macro F1: 0.9015
Test fetch/handover macro F1: 0.9248
Best-pose checkpoint test position MAE: 14.57793140411377 cm
Metrics: /home/eker/Master-Thesis---Multi-modal-User-Intention-Estimation-and-Hand-Position-Prediction/Training/runs/final_clean_v1_gru_v1_seed44/metrics.json
