Device: cuda
Run directory: /home/eker/Master-Thesis---Multi-modal-User-Intention-Estimation-and-Hand-Position-Prediction/Training/runs/final_clean_v1_gru_v1_seed43
Windows: train=10958, validation=1780, test=1981
Participant split: {'train': ['Angelina', 'Berat', 'David', 'Felix', 'Florian', 'Jan', 'Jola', 'Julienco', 'Leys', 'Maria', 'Melih', 'Miro', 'Suthan', 'Tarik', 'Test', 'Urim', 'Yuzhi'], 'validation': ['Atilla', 'Ermal', 'Vanessa'], 'test': ['Edu', 'Jona', 'Mona']}
Dataset filter: selected=156, excluded_master_files=27, fingerprint=457a80f15423fe3e3853081e3a0d863248ec337dd7412cde65bc8ee56ff3049d
Discarded gap windows: train=0, validation=0, test=0
Discarded unlabeled endpoints: train=877, validation=150, test=136
Model: hierarchical_gru
Trainable parameters: 190,187
Epoch 001 | loss=0.5274 | val intent F1=0.9137 | val assistance F1=0.9561 | val fetch/handover F1=0.9415 | val pose cm=15.422138214111328
Epoch 002 | loss=0.2756 | val intent F1=0.9165 | val assistance F1=0.9551 | val fetch/handover F1=0.9484 | val pose cm=14.321586608886719
Epoch 003 | loss=0.2005 | val intent F1=0.9194 | val assistance F1=0.9527 | val fetch/handover F1=0.9587 | val pose cm=14.611983299255371
Epoch 004 | loss=0.1582 | val intent F1=0.9195 | val assistance F1=0.9547 | val fetch/handover F1=0.9450 | val pose cm=17.16560935974121
Epoch 005 | loss=0.1333 | val intent F1=0.9242 | val assistance F1=0.9562 | val fetch/handover F1=0.9570 | val pose cm=13.706396102905273
Epoch 006 | loss=0.1062 | val intent F1=0.9246 | val assistance F1=0.9556 | val fetch/handover F1=0.9604 | val pose cm=15.522740364074707
Epoch 007 | loss=0.0783 | val intent F1=0.9196 | val assistance F1=0.9551 | val fetch/handover F1=0.9535 | val pose cm=16.859764099121094
Epoch 008 | loss=0.0716 | val intent F1=0.9144 | val assistance F1=0.9538 | val fetch/handover F1=0.9467 | val pose cm=17.55599594116211
Epoch 009 | loss=0.0706 | val intent F1=0.9076 | val assistance F1=0.9585 | val fetch/handover F1=0.9291 | val pose cm=15.256683349609375
Epoch 010 | loss=0.0596 | val intent F1=0.9140 | val assistance F1=0.9583 | val fetch/handover F1=0.9397 | val pose cm=16.832199096679688
Epoch 011 | loss=0.0599 | val intent F1=0.9081 | val assistance F1=0.9601 | val fetch/handover F1=0.9273 | val pose cm=16.100421905517578
Epoch 012 | loss=0.0598 | val intent F1=0.9166 | val assistance F1=0.9612 | val fetch/handover F1=0.9363 | val pose cm=14.810487747192383
Epoch 013 | loss=0.0534 | val intent F1=0.9121 | val assistance F1=0.9588 | val fetch/handover F1=0.9294 | val pose cm=18.387706756591797
Early stopping
Test intention macro F1: 0.8781
Test assistance macro F1: 0.9187
Test fetch/handover macro F1: 0.9470
Best-pose checkpoint test position MAE: 18.616004943847656 cm
Metrics: /home/eker/Master-Thesis---Multi-modal-User-Intention-Estimation-and-Hand-Position-Prediction/Training/runs/final_clean_v1_gru_v1_seed43/metrics.json
