Job ID: 2151488
Node: tcml-node7
Repo dir: /home/eker/Master-Thesis---Multi-modal-User-Intention-Estimation-and-Hand-Position-Prediction
Image: /home/eker/singularity/aria_master.simg
VRS source: /home/eker/Master-Thesis---Multi-modal-User-Intention-Estimation-and-Hand-Position-Prediction/Data_collection/Data_vrs
MP4 output: /home/eker/Master-Thesis---Multi-modal-User-Intention-Estimation-and-Hand-Position-Prediction/Data_collection/Data_mp4
Scratch dir: /scratch/2151488
Started: Fri Jun 26 04:40:30 PM CEST 2026

============================================================
1) Copy VRS files to local scratch
============================================================
sending incremental file list
./
Atilla_1_20260616_184923.vrs
Atilla_2_20260616_185042.vrs
Atilla_3_20260616_185212.vrs
Atilla_4_20260616_185327.vrs
Atilla_5_20260616_185449.vrs
Atilla_6_20260616_185613.vrs
Atilla_7_20260616_185714.vrs
Atilla_8_20260616_185812.vrs
Berat_10_20260616_142950.vrs
Berat_1_20260604_154611.vrs
Berat_2_20260604_154801.vrs
Berat_3_20260604_154928.vrs
Berat_4_20260604_155100.vrs
Berat_5_20260604_155234.vrs
Berat_6_20260616_142129.vrs
Berat_7_20260616_142358.vrs
Berat_8_20260616_142539.vrs
Berat_9_20260616_142847.vrs
Edu_10_20260616_150412.vrs
Edu_1_20260604_170154.vrs
Edu_2_20260604_170420.vrs
Edu_3_20260604_170622.vrs
Edu_4_20260604_170837.vrs
Edu_5_20260604_170944.vrs
Edu_6_20260616_145740.vrs
Edu_7_20260616_145927.vrs
Edu_8_20260616_150108.vrs
Edu_9_20260616_150247.vrs
Ermal_1_20260604_151723.vrs
Ermal_2_20260604_151912.vrs
Ermal_3_20260604_152032.vrs
Ermal_4_20260604_152214.vrs
Ermal_5_20260616_153530.vrs
Ermal_6_20260616_153648.vrs
Ermal_7_20260616_153921.vrs
Ermal_8_20260616_154054.vrs
Ermal_9_20260616_154205.vrs
Felix_1_20260604_171928.vrs
Felix_1_20260604_171946.vrs
Felix_2_20260604_172102.vrs
Felix_3_20260604_172212.vrs
Felix_4_20260604_172358.vrs
Jan_1_20260604_161550.vrs
Jan_2_20260604_161704.vrs
Jan_3_20260604_161835.vrs
Jan_4_20260604_162000.vrs
Jan_5_20260604_162111.vrs
Jola_1_20260624_131133.vrs
Jola_2_20260624_131246.vrs
Jola_3_20260624_131435.vrs
Jola_4_20260624_131548.vrs
Jola_5_20260624_131818.vrs
Jola_6_20260624_132027.vrs
Jona_1_20260616_181413.vrs
Jona_2_20260616_181551.vrs
Jona_3_20260616_181717.vrs
Jona_4_20260616_181855.vrs
Jona_5_20260616_182002.vrs
Jona_6_20260616_182111.vrs
Jona_7_20260616_182214.vrs
Julienco_1_20260624_125251.vrs
Julienco_2_20260624_125435.vrs
Julienco_3_20260624_125549.vrs
Julienco_4_20260624_125717.vrs
Julienco_4_2_20260624_125830.vrs
Julienco_5_20260624_125942.vrs
Julienco_6_20260624_130048.vrs
Julienco_7_20260624_130215.vrs
Julienco_8_20260624_130311.vrs
Leys_1_20260604_163147.vrs
Leys_2_20260604_163417.vrs
Leys_3_20260604_163535.vrs
Leys_4_20260604_163704.vrs
Leys_5_20260604_163854.vrs
Maria_1_20260624_133852.vrs
Maria_2_20260624_134005.vrs
Maria_3_20260624_134101.vrs
Maria_4_20260624_134233.vrs
Maria_5_20260624_134337.vrs
Maria_6_20260624_134443.vrs
Melih_10_20260616_180515.vrs
Melih_1_20260616_175140.vrs
Melih_2_20260616_175310.vrs
Melih_3_20260616_175418.vrs
Melih_4_20260616_175523.vrs
Melih_5_20260616_175612.vrs
Melih_6_20260616_180104.vrs
Melih_7_20260616_180202.vrs
Melih_8_20260616_180307.vrs
Melih_9_20260616_180402.vrs
Miro_1_20260604_153303.vrs
Miro_2_20260604_153451.vrs
Miro_3_20260604_153609.vrs
Miro_4_20260604_153734.vrs
Mona_1_20260624_123312.vrs
Mona_2_20260624_123443.vrs
Mona_3_20260624_123548.vrs
Mona_4_20260624_123706.vrs
Mona_5_20260624_123814.vrs
Mona_6_20260624_123930.vrs
Mona_7_20260624_124051.vrs
Mona_8_20260624_124414.vrs
Suthan_1_20260604_164834.vrs
Suthan_2_20260604_165031.vrs
Suthan_3_20260604_165324.vrs
Suthan_4_20260604_165434.vrs
Test_1_20260624_122109.vrs
Test_2_20260624_122206.vrs
Test_3_20260522_160036.vrs
Test_3_20260624_122314.vrs
Test_4_20260527_161832.vrs
Test_4_20260624_122416.vrs
Test_5_20260624_122509.vrs
Test_6_20260624_122607.vrs
Test_7_20260601_165002.vrs
Test_7_20260624_122709.vrs
Unknown_2_20260616_141751.vrs
Urim_10_20260616_145015.vrs
Urim_1_20260604_160102.vrs
Urim_2_20260604_160234.vrs
Urim_3_20260604_160345.vrs
Urim_4_20260604_160502.vrs
Urim_5_20260604_160634.vrs
Urim_6_20260616_144055.vrs
Urim_7_20260616_144229.vrs
Urim_8_20260616_144352.vrs
Urim_9_20260616_144841.vrs
Vanessa_1_20260624_132542.vrs
Vanessa_2_20260624_132710.vrs
Vanessa_3_20260624_132807.vrs
Vanessa_4_20260624_132943.vrs
Vanessa_5_20260624_133059.vrs
Vanessa_6_20260624_133209.vrs
Vanessa_7_20260624_133405.vrs
Vanessa_8_20260624_133505.vrs
unknown_20260604_150319.vrs

sent 35.90G bytes  received 2.60K bytes  199.98M bytes/sec
total size is 35.89G  speedup is 1.00

VRS files in scratch:
136

Existing MP4 files before conversion:
31

============================================================
2) Dry-run conversion plan
============================================================
DRY RUN: found 136 VRS files
  to convert: 105
  skipped existing: 31

Planned conversions:
  Atilla_1_20260616_184923.vrs -> /home/eker/Master-Thesis---Multi-modal-User-Intention-Estimation-and-Hand-Position-Prediction/Data_collection/Data_mp4/Atilla_1_20260616_184923.mp4
  Atilla_2_20260616_185042.vrs -> /home/eker/Master-Thesis---Multi-modal-User-Intention-Estimation-and-Hand-Position-Prediction/Data_collection/Data_mp4/Atilla_2_20260616_185042.mp4
  Atilla_3_20260616_185212.vrs -> /home/eker/Master-Thesis---Multi-modal-User-Intention-Estimation-and-Hand-Position-Prediction/Data_collection/Data_mp4/Atilla_3_20260616_185212.mp4
  Atilla_4_20260616_185327.vrs -> /home/eker/Master-Thesis---Multi-modal-User-Intention-Estimation-and-Hand-Position-Prediction/Data_collection/Data_mp4/Atilla_4_20260616_185327.mp4
  Atilla_5_20260616_185449.vrs -> /home/eker/Master-Thesis---Multi-modal-User-Intention-Estimation-and-Hand-Position-Prediction/Data_collection/Data_mp4/Atilla_5_20260616_185449.mp4
  Atilla_6_20260616_185613.vrs -> /home/eker/Master-Thesis---Multi-modal-User-Intention-Estimation-and-Hand-Position-Prediction/Data_collection/Data_mp4/Atilla_6_20260616_185613.mp4
  Atilla_7_20260616_185714.vrs -> /home/eker/Master-Thesis---Multi-modal-User-Intention-Estimation-and-Hand-Position-Prediction/Data_collection/Data_mp4/Atilla_7_20260616_185714.mp4
  Atilla_8_20260616_185812.vrs -> /home/eker/Master-Thesis---Multi-modal-User-Intention-Estimation-and-Hand-Position-Prediction/Data_collection/Data_mp4/Atilla_8_20260616_185812.mp4
  Berat_10_20260616_142950.vrs -> /home/eker/Master-Thesis---Multi-modal-User-Intention-Estimation-and-Hand-Position-Prediction/Data_collection/Data_mp4/Berat_10_20260616_142950.mp4
  Berat_6_20260616_142129.vrs -> /home/eker/Master-Thesis---Multi-modal-User-Intention-Estimation-and-Hand-Position-Prediction/Data_collection/Data_mp4/Berat_6_20260616_142129.mp4
  Berat_7_20260616_142358.vrs -> /home/eker/Master-Thesis---Multi-modal-User-Intention-Estimation-and-Hand-Position-Prediction/Data_collection/Data_mp4/Berat_7_20260616_142358.mp4
  Berat_8_20260616_142539.vrs -> /home/eker/Master-Thesis---Multi-modal-User-Intention-Estimation-and-Hand-Position-Prediction/Data_collection/Data_mp4/Berat_8_20260616_142539.mp4
  Berat_9_20260616_142847.vrs -> /home/eker/Master-Thesis---Multi-modal-User-Intention-Estimation-and-Hand-Position-Prediction/Data_collection/Data_mp4/Berat_9_20260616_142847.mp4
  Edu_10_20260616_150412.vrs -> /home/eker/Master-Thesis---Multi-modal-User-Intention-Estimation-and-Hand-Position-Prediction/Data_collection/Data_mp4/Edu_10_20260616_150412.mp4
  Edu_6_20260616_145740.vrs -> /home/eker/Master-Thesis---Multi-modal-User-Intention-Estimation-and-Hand-Position-Prediction/Data_collection/Data_mp4/Edu_6_20260616_145740.mp4
  Edu_7_20260616_145927.vrs -> /home/eker/Master-Thesis---Multi-modal-User-Intention-Estimation-and-Hand-Position-Prediction/Data_collection/Data_mp4/Edu_7_20260616_145927.mp4
  Edu_8_20260616_150108.vrs -> /home/eker/Master-Thesis---Multi-modal-User-Intention-Estimation-and-Hand-Position-Prediction/Data_collection/Data_mp4/Edu_8_20260616_150108.mp4
  Edu_9_20260616_150247.vrs -> /home/eker/Master-Thesis---Multi-modal-User-Intention-Estimation-and-Hand-Position-Prediction/Data_collection/Data_mp4/Edu_9_20260616_150247.mp4
  Ermal_5_20260616_153530.vrs -> /home/eker/Master-Thesis---Multi-modal-User-Intention-Estimation-and-Hand-Position-Prediction/Data_collection/Data_mp4/Ermal_5_20260616_153530.mp4
  Ermal_6_20260616_153648.vrs -> /home/eker/Master-Thesis---Multi-modal-User-Intention-Estimation-and-Hand-Position-Prediction/Data_collection/Data_mp4/Ermal_6_20260616_153648.mp4
  Ermal_7_20260616_153921.vrs -> /home/eker/Master-Thesis---Multi-modal-User-Intention-Estimation-and-Hand-Position-Prediction/Data_collection/Data_mp4/Ermal_7_20260616_153921.mp4
  Ermal_8_20260616_154054.vrs -> /home/eker/Master-Thesis---Multi-modal-User-Intention-Estimation-and-Hand-Position-Prediction/Data_collection/Data_mp4/Ermal_8_20260616_154054.mp4
  Ermal_9_20260616_154205.vrs -> /home/eker/Master-Thesis---Multi-modal-User-Intention-Estimation-and-Hand-Position-Prediction/Data_collection/Data_mp4/Ermal_9_20260616_154205.mp4
  Jola_1_20260624_131133.vrs -> /home/eker/Master-Thesis---Multi-modal-User-Intention-Estimation-and-Hand-Position-Prediction/Data_collection/Data_mp4/Jola_1_20260624_131133.mp4
  Jola_2_20260624_131246.vrs -> /home/eker/Master-Thesis---Multi-modal-User-Intention-Estimation-and-Hand-Position-Prediction/Data_collection/Data_mp4/Jola_2_20260624_131246.mp4
  Jola_3_20260624_131435.vrs -> /home/eker/Master-Thesis---Multi-modal-User-Intention-Estimation-and-Hand-Position-Prediction/Data_collection/Data_mp4/Jola_3_20260624_131435.mp4
  Jola_4_20260624_131548.vrs -> /home/eker/Master-Thesis---Multi-modal-User-Intention-Estimation-and-Hand-Position-Prediction/Data_collection/Data_mp4/Jola_4_20260624_131548.mp4
  Jola_5_20260624_131818.vrs -> /home/eker/Master-Thesis---Multi-modal-User-Intention-Estimation-and-Hand-Position-Prediction/Data_collection/Data_mp4/Jola_5_20260624_131818.mp4
  Jola_6_20260624_132027.vrs -> /home/eker/Master-Thesis---Multi-modal-User-Intention-Estimation-and-Hand-Position-Prediction/Data_collection/Data_mp4/Jola_6_20260624_132027.mp4
  Jona_1_20260616_181413.vrs -> /home/eker/Master-Thesis---Multi-modal-User-Intention-Estimation-and-Hand-Position-Prediction/Data_collection/Data_mp4/Jona_1_20260616_181413.mp4
  Jona_2_20260616_181551.vrs -> /home/eker/Master-Thesis---Multi-modal-User-Intention-Estimation-and-Hand-Position-Prediction/Data_collection/Data_mp4/Jona_2_20260616_181551.mp4
  Jona_3_20260616_181717.vrs -> /home/eker/Master-Thesis---Multi-modal-User-Intention-Estimation-and-Hand-Position-Prediction/Data_collection/Data_mp4/Jona_3_20260616_181717.mp4
  Jona_4_20260616_181855.vrs -> /home/eker/Master-Thesis---Multi-modal-User-Intention-Estimation-and-Hand-Position-Prediction/Data_collection/Data_mp4/Jona_4_20260616_181855.mp4
  Jona_5_20260616_182002.vrs -> /home/eker/Master-Thesis---Multi-modal-User-Intention-Estimation-and-Hand-Position-Prediction/Data_collection/Data_mp4/Jona_5_20260616_182002.mp4
  Jona_6_20260616_182111.vrs -> /home/eker/Master-Thesis---Multi-modal-User-Intention-Estimation-and-Hand-Position-Prediction/Data_collection/Data_mp4/Jona_6_20260616_182111.mp4
  Jona_7_20260616_182214.vrs -> /home/eker/Master-Thesis---Multi-modal-User-Intention-Estimation-and-Hand-Position-Prediction/Data_collection/Data_mp4/Jona_7_20260616_182214.mp4
  Julienco_1_20260624_125251.vrs -> /home/eker/Master-Thesis---Multi-modal-User-Intention-Estimation-and-Hand-Position-Prediction/Data_collection/Data_mp4/Julienco_1_20260624_125251.mp4
  Julienco_2_20260624_125435.vrs -> /home/eker/Master-Thesis---Multi-modal-User-Intention-Estimation-and-Hand-Position-Prediction/Data_collection/Data_mp4/Julienco_2_20260624_125435.mp4
  Julienco_3_20260624_125549.vrs -> /home/eker/Master-Thesis---Multi-modal-User-Intention-Estimation-and-Hand-Position-Prediction/Data_collection/Data_mp4/Julienco_3_20260624_125549.mp4
  Julienco_4_20260624_125717.vrs -> /home/eker/Master-Thesis---Multi-modal-User-Intention-Estimation-and-Hand-Position-Prediction/Data_collection/Data_mp4/Julienco_4_20260624_125717.mp4
  Julienco_4_2_20260624_125830.vrs -> /home/eker/Master-Thesis---Multi-modal-User-Intention-Estimation-and-Hand-Position-Prediction/Data_collection/Data_mp4/Julienco_4_2_20260624_125830.mp4
  Julienco_5_20260624_125942.vrs -> /home/eker/Master-Thesis---Multi-modal-User-Intention-Estimation-and-Hand-Position-Prediction/Data_collection/Data_mp4/Julienco_5_20260624_125942.mp4
  Julienco_6_20260624_130048.vrs -> /home/eker/Master-Thesis---Multi-modal-User-Intention-Estimation-and-Hand-Position-Prediction/Data_collection/Data_mp4/Julienco_6_20260624_130048.mp4
  Julienco_7_20260624_130215.vrs -> /home/eker/Master-Thesis---Multi-modal-User-Intention-Estimation-and-Hand-Position-Prediction/Data_collection/Data_mp4/Julienco_7_20260624_130215.mp4
  Julienco_8_20260624_130311.vrs -> /home/eker/Master-Thesis---Multi-modal-User-Intention-Estimation-and-Hand-Position-Prediction/Data_collection/Data_mp4/Julienco_8_20260624_130311.mp4
  Leys_5_20260604_163854.vrs -> /home/eker/Master-Thesis---Multi-modal-User-Intention-Estimation-and-Hand-Position-Prediction/Data_collection/Data_mp4/Leys_5_20260604_163854.mp4
  Maria_1_20260624_133852.vrs -> /home/eker/Master-Thesis---Multi-modal-User-Intention-Estimation-and-Hand-Position-Prediction/Data_collection/Data_mp4/Maria_1_20260624_133852.mp4
  Maria_2_20260624_134005.vrs -> /home/eker/Master-Thesis---Multi-modal-User-Intention-Estimation-and-Hand-Position-Prediction/Data_collection/Data_mp4/Maria_2_20260624_134005.mp4
  Maria_3_20260624_134101.vrs -> /home/eker/Master-Thesis---Multi-modal-User-Intention-Estimation-and-Hand-Position-Prediction/Data_collection/Data_mp4/Maria_3_20260624_134101.mp4
  Maria_4_20260624_134233.vrs -> /home/eker/Master-Thesis---Multi-modal-User-Intention-Estimation-and-Hand-Position-Prediction/Data_collection/Data_mp4/Maria_4_20260624_134233.mp4
  Maria_5_20260624_134337.vrs -> /home/eker/Master-Thesis---Multi-modal-User-Intention-Estimation-and-Hand-Position-Prediction/Data_collection/Data_mp4/Maria_5_20260624_134337.mp4
  Maria_6_20260624_134443.vrs -> /home/eker/Master-Thesis---Multi-modal-User-Intention-Estimation-and-Hand-Position-Prediction/Data_collection/Data_mp4/Maria_6_20260624_134443.mp4
  Melih_10_20260616_180515.vrs -> /home/eker/Master-Thesis---Multi-modal-User-Intention-Estimation-and-Hand-Position-Prediction/Data_collection/Data_mp4/Melih_10_20260616_180515.mp4
  Melih_1_20260616_175140.vrs -> /home/eker/Master-Thesis---Multi-modal-User-Intention-Estimation-and-Hand-Position-Prediction/Data_collection/Data_mp4/Melih_1_20260616_175140.mp4
  Melih_2_20260616_175310.vrs -> /home/eker/Master-Thesis---Multi-modal-User-Intention-Estimation-and-Hand-Position-Prediction/Data_collection/Data_mp4/Melih_2_20260616_175310.mp4
  Melih_3_20260616_175418.vrs -> /home/eker/Master-Thesis---Multi-modal-User-Intention-Estimation-and-Hand-Position-Prediction/Data_collection/Data_mp4/Melih_3_20260616_175418.mp4
  Melih_4_20260616_175523.vrs -> /home/eker/Master-Thesis---Multi-modal-User-Intention-Estimation-and-Hand-Position-Prediction/Data_collection/Data_mp4/Melih_4_20260616_175523.mp4
  Melih_5_20260616_175612.vrs -> /home/eker/Master-Thesis---Multi-modal-User-Intention-Estimation-and-Hand-Position-Prediction/Data_collection/Data_mp4/Melih_5_20260616_175612.mp4
  Melih_6_20260616_180104.vrs -> /home/eker/Master-Thesis---Multi-modal-User-Intention-Estimation-and-Hand-Position-Prediction/Data_collection/Data_mp4/Melih_6_20260616_180104.mp4
  Melih_7_20260616_180202.vrs -> /home/eker/Master-Thesis---Multi-modal-User-Intention-Estimation-and-Hand-Position-Prediction/Data_collection/Data_mp4/Melih_7_20260616_180202.mp4
  Melih_8_20260616_180307.vrs -> /home/eker/Master-Thesis---Multi-modal-User-Intention-Estimation-and-Hand-Position-Prediction/Data_collection/Data_mp4/Melih_8_20260616_180307.mp4
  Melih_9_20260616_180402.vrs -> /home/eker/Master-Thesis---Multi-modal-User-Intention-Estimation-and-Hand-Position-Prediction/Data_collection/Data_mp4/Melih_9_20260616_180402.mp4
  Miro_1_20260604_153303.vrs -> /home/eker/Master-Thesis---Multi-modal-User-Intention-Estimation-and-Hand-Position-Prediction/Data_collection/Data_mp4/Miro_1_20260604_153303.mp4
  Miro_4_20260604_153734.vrs -> /home/eker/Master-Thesis---Multi-modal-User-Intention-Estimation-and-Hand-Position-Prediction/Data_collection/Data_mp4/Miro_4_20260604_153734.mp4
  Mona_1_20260624_123312.vrs -> /home/eker/Master-Thesis---Multi-modal-User-Intention-Estimation-and-Hand-Position-Prediction/Data_collection/Data_mp4/Mona_1_20260624_123312.mp4
  Mona_2_20260624_123443.vrs -> /home/eker/Master-Thesis---Multi-modal-User-Intention-Estimation-and-Hand-Position-Prediction/Data_collection/Data_mp4/Mona_2_20260624_123443.mp4
  Mona_3_20260624_123548.vrs -> /home/eker/Master-Thesis---Multi-modal-User-Intention-Estimation-and-Hand-Position-Prediction/Data_collection/Data_mp4/Mona_3_20260624_123548.mp4
  Mona_4_20260624_123706.vrs -> /home/eker/Master-Thesis---Multi-modal-User-Intention-Estimation-and-Hand-Position-Prediction/Data_collection/Data_mp4/Mona_4_20260624_123706.mp4
  Mona_5_20260624_123814.vrs -> /home/eker/Master-Thesis---Multi-modal-User-Intention-Estimation-and-Hand-Position-Prediction/Data_collection/Data_mp4/Mona_5_20260624_123814.mp4
  Mona_6_20260624_123930.vrs -> /home/eker/Master-Thesis---Multi-modal-User-Intention-Estimation-and-Hand-Position-Prediction/Data_collection/Data_mp4/Mona_6_20260624_123930.mp4
  Mona_7_20260624_124051.vrs -> /home/eker/Master-Thesis---Multi-modal-User-Intention-Estimation-and-Hand-Position-Prediction/Data_collection/Data_mp4/Mona_7_20260624_124051.mp4
  Mona_8_20260624_124414.vrs -> /home/eker/Master-Thesis---Multi-modal-User-Intention-Estimation-and-Hand-Position-Prediction/Data_collection/Data_mp4/Mona_8_20260624_124414.mp4
  Suthan_1_20260604_164834.vrs -> /home/eker/Master-Thesis---Multi-modal-User-Intention-Estimation-and-Hand-Position-Prediction/Data_collection/Data_mp4/Suthan_1_20260604_164834.mp4
  Suthan_2_20260604_165031.vrs -> /home/eker/Master-Thesis---Multi-modal-User-Intention-Estimation-and-Hand-Position-Prediction/Data_collection/Data_mp4/Suthan_2_20260604_165031.mp4
  Suthan_3_20260604_165324.vrs -> /home/eker/Master-Thesis---Multi-modal-User-Intention-Estimation-and-Hand-Position-Prediction/Data_collection/Data_mp4/Suthan_3_20260604_165324.mp4
  Suthan_4_20260604_165434.vrs -> /home/eker/Master-Thesis---Multi-modal-User-Intention-Estimation-and-Hand-Position-Prediction/Data_collection/Data_mp4/Suthan_4_20260604_165434.mp4
  Test_1_20260624_122109.vrs -> /home/eker/Master-Thesis---Multi-modal-User-Intention-Estimation-and-Hand-Position-Prediction/Data_collection/Data_mp4/Test_1_20260624_122109.mp4
  Test_2_20260624_122206.vrs -> /home/eker/Master-Thesis---Multi-modal-User-Intention-Estimation-and-Hand-Position-Prediction/Data_collection/Data_mp4/Test_2_20260624_122206.mp4
  Test_3_20260522_160036.vrs -> /home/eker/Master-Thesis---Multi-modal-User-Intention-Estimation-and-Hand-Position-Prediction/Data_collection/Data_mp4/Test_3_20260522_160036.mp4
  Test_3_20260624_122314.vrs -> /home/eker/Master-Thesis---Multi-modal-User-Intention-Estimation-and-Hand-Position-Prediction/Data_collection/Data_mp4/Test_3_20260624_122314.mp4
  Test_4_20260527_161832.vrs -> /home/eker/Master-Thesis---Multi-modal-User-Intention-Estimation-and-Hand-Position-Prediction/Data_collection/Data_mp4/Test_4_20260527_161832.mp4
  Test_4_20260624_122416.vrs -> /home/eker/Master-Thesis---Multi-modal-User-Intention-Estimation-and-Hand-Position-Prediction/Data_collection/Data_mp4/Test_4_20260624_122416.mp4
  Test_5_20260624_122509.vrs -> /home/eker/Master-Thesis---Multi-modal-User-Intention-Estimation-and-Hand-Position-Prediction/Data_collection/Data_mp4/Test_5_20260624_122509.mp4
  Test_6_20260624_122607.vrs -> /home/eker/Master-Thesis---Multi-modal-User-Intention-Estimation-and-Hand-Position-Prediction/Data_collection/Data_mp4/Test_6_20260624_122607.mp4
  Test_7_20260601_165002.vrs -> /home/eker/Master-Thesis---Multi-modal-User-Intention-Estimation-and-Hand-Position-Prediction/Data_collection/Data_mp4/Test_7_20260601_165002.mp4
  Test_7_20260624_122709.vrs -> /home/eker/Master-Thesis---Multi-modal-User-Intention-Estimation-and-Hand-Position-Prediction/Data_collection/Data_mp4/Test_7_20260624_122709.mp4
  Unknown_2_20260616_141751.vrs -> /home/eker/Master-Thesis---Multi-modal-User-Intention-Estimation-and-Hand-Position-Prediction/Data_collection/Data_mp4/Unknown_2_20260616_141751.mp4
  Urim_10_20260616_145015.vrs -> /home/eker/Master-Thesis---Multi-modal-User-Intention-Estimation-and-Hand-Position-Prediction/Data_collection/Data_mp4/Urim_10_20260616_145015.mp4
  Urim_1_20260604_160102.vrs -> /home/eker/Master-Thesis---Multi-modal-User-Intention-Estimation-and-Hand-Position-Prediction/Data_collection/Data_mp4/Urim_1_20260604_160102.mp4
  Urim_3_20260604_160345.vrs -> /home/eker/Master-Thesis---Multi-modal-User-Intention-Estimation-and-Hand-Position-Prediction/Data_collection/Data_mp4/Urim_3_20260604_160345.mp4
  Urim_4_20260604_160502.vrs -> /home/eker/Master-Thesis---Multi-modal-User-Intention-Estimation-and-Hand-Position-Prediction/Data_collection/Data_mp4/Urim_4_20260604_160502.mp4
  Urim_5_20260604_160634.vrs -> /home/eker/Master-Thesis---Multi-modal-User-Intention-Estimation-and-Hand-Position-Prediction/Data_collection/Data_mp4/Urim_5_20260604_160634.mp4
  Urim_6_20260616_144055.vrs -> /home/eker/Master-Thesis---Multi-modal-User-Intention-Estimation-and-Hand-Position-Prediction/Data_collection/Data_mp4/Urim_6_20260616_144055.mp4
  Urim_7_20260616_144229.vrs -> /home/eker/Master-Thesis---Multi-modal-User-Intention-Estimation-and-Hand-Position-Prediction/Data_collection/Data_mp4/Urim_7_20260616_144229.mp4
  Urim_8_20260616_144352.vrs -> /home/eker/Master-Thesis---Multi-modal-User-Intention-Estimation-and-Hand-Position-Prediction/Data_collection/Data_mp4/Urim_8_20260616_144352.mp4
  Urim_9_20260616_144841.vrs -> /home/eker/Master-Thesis---Multi-modal-User-Intention-Estimation-and-Hand-Position-Prediction/Data_collection/Data_mp4/Urim_9_20260616_144841.mp4
  Vanessa_1_20260624_132542.vrs -> /home/eker/Master-Thesis---Multi-modal-User-Intention-Estimation-and-Hand-Position-Prediction/Data_collection/Data_mp4/Vanessa_1_20260624_132542.mp4
  Vanessa_2_20260624_132710.vrs -> /home/eker/Master-Thesis---Multi-modal-User-Intention-Estimation-and-Hand-Position-Prediction/Data_collection/Data_mp4/Vanessa_2_20260624_132710.mp4
  Vanessa_3_20260624_132807.vrs -> /home/eker/Master-Thesis---Multi-modal-User-Intention-Estimation-and-Hand-Position-Prediction/Data_collection/Data_mp4/Vanessa_3_20260624_132807.mp4
  Vanessa_4_20260624_132943.vrs -> /home/eker/Master-Thesis---Multi-modal-User-Intention-Estimation-and-Hand-Position-Prediction/Data_collection/Data_mp4/Vanessa_4_20260624_132943.mp4
  Vanessa_5_20260624_133059.vrs -> /home/eker/Master-Thesis---Multi-modal-User-Intention-Estimation-and-Hand-Position-Prediction/Data_collection/Data_mp4/Vanessa_5_20260624_133059.mp4
  Vanessa_6_20260624_133209.vrs -> /home/eker/Master-Thesis---Multi-modal-User-Intention-Estimation-and-Hand-Position-Prediction/Data_collection/Data_mp4/Vanessa_6_20260624_133209.mp4
  Vanessa_7_20260624_133405.vrs -> /home/eker/Master-Thesis---Multi-modal-User-Intention-Estimation-and-Hand-Position-Prediction/Data_collection/Data_mp4/Vanessa_7_20260624_133405.mp4
  Vanessa_8_20260624_133505.vrs -> /home/eker/Master-Thesis---Multi-modal-User-Intention-Estimation-and-Hand-Position-Prediction/Data_collection/Data_mp4/Vanessa_8_20260624_133505.mp4
  unknown_20260604_150319.vrs -> /home/eker/Master-Thesis---Multi-modal-User-Intention-Estimation-and-Hand-Position-Prediction/Data_collection/Data_mp4/unknown_20260604_150319.mp4

============================================================
3) Convert missing VRS recordings to MP4
============================================================
RUN: found 136 VRS files
  to convert: 105
  skipped existing: 31
[1/105] Converting Atilla_1_20260616_184923.vrs ... ok
[2/105] Converting Atilla_2_20260616_185042.vrs ... ok
[3/105] Converting Atilla_3_20260616_185212.vrs ... ok
[4/105] Converting Atilla_4_20260616_185327.vrs ... ok
[5/105] Converting Atilla_5_20260616_185449.vrs ... ok
[6/105] Converting Atilla_6_20260616_185613.vrs ... ok
[7/105] Converting Atilla_7_20260616_185714.vrs ... ok
[8/105] Converting Atilla_8_20260616_185812.vrs ... ok
[9/105] Converting Berat_10_20260616_142950.vrs ... ok
[10/105] Converting Berat_6_20260616_142129.vrs ... ok
[11/105] Converting Berat_7_20260616_142358.vrs ... ok
[12/105] Converting Berat_8_20260616_142539.vrs ... ok
[13/105] Converting Berat_9_20260616_142847.vrs ... ok
[14/105] Converting Edu_10_20260616_150412.vrs ... ok
[15/105] Converting Edu_6_20260616_145740.vrs ... ok
[16/105] Converting Edu_7_20260616_145927.vrs ... ok
[17/105] Converting Edu_8_20260616_150108.vrs ... ok
[18/105] Converting Edu_9_20260616_150247.vrs ... ok
[19/105] Converting Ermal_5_20260616_153530.vrs ... ok
[20/105] Converting Ermal_6_20260616_153648.vrs ... ok
[21/105] Converting Ermal_7_20260616_153921.vrs ... ok
[22/105] Converting Ermal_8_20260616_154054.vrs ... ok
[23/105] Converting Ermal_9_20260616_154205.vrs ... ok
[24/105] Converting Jola_1_20260624_131133.vrs ... ok
[25/105] Converting Jola_2_20260624_131246.vrs ... ok
[26/105] Converting Jola_3_20260624_131435.vrs ... ok
[27/105] Converting Jola_4_20260624_131548.vrs ... ok
[28/105] Converting Jola_5_20260624_131818.vrs ... ok
[29/105] Converting Jola_6_20260624_132027.vrs ... ok
[30/105] Converting Jona_1_20260616_181413.vrs ... ok
[31/105] Converting Jona_2_20260616_181551.vrs ... ok
[32/105] Converting Jona_3_20260616_181717.vrs ... ok
[33/105] Converting Jona_4_20260616_181855.vrs ... ok
[34/105] Converting Jona_5_20260616_182002.vrs ... ok
[35/105] Converting Jona_6_20260616_182111.vrs ... ok
[36/105] Converting Jona_7_20260616_182214.vrs ... ok
[37/105] Converting Julienco_1_20260624_125251.vrs ... ok
[38/105] Converting Julienco_2_20260624_125435.vrs ... ok
[39/105] Converting Julienco_3_20260624_125549.vrs ... ok
[40/105] Converting Julienco_4_20260624_125717.vrs ... ok
[41/105] Converting Julienco_4_2_20260624_125830.vrs ... ok
[42/105] Converting Julienco_5_20260624_125942.vrs ... ok
[43/105] Converting Julienco_6_20260624_130048.vrs ... ok
[44/105] Converting Julienco_7_20260624_130215.vrs ... ok
[45/105] Converting Julienco_8_20260624_130311.vrs ... ok
[46/105] Converting Leys_5_20260604_163854.vrs ... ok
[47/105] Converting Maria_1_20260624_133852.vrs ... ok
[48/105] Converting Maria_2_20260624_134005.vrs ... ok
[49/105] Converting Maria_3_20260624_134101.vrs ... ok
[50/105] Converting Maria_4_20260624_134233.vrs ... ok
[51/105] Converting Maria_5_20260624_134337.vrs ... ok
[52/105] Converting Maria_6_20260624_134443.vrs ... ok
[53/105] Converting Melih_10_20260616_180515.vrs ... ok
[54/105] Converting Melih_1_20260616_175140.vrs ... ok
[55/105] Converting Melih_2_20260616_175310.vrs ... ok
[56/105] Converting Melih_3_20260616_175418.vrs ... ok
[57/105] Converting Melih_4_20260616_175523.vrs ... ok
[58/105] Converting Melih_5_20260616_175612.vrs ... ok
[59/105] Converting Melih_6_20260616_180104.vrs ... ok
[60/105] Converting Melih_7_20260616_180202.vrs ... ok
[61/105] Converting Melih_8_20260616_180307.vrs ... ok
[62/105] Converting Melih_9_20260616_180402.vrs ... ok
[63/105] Converting Miro_1_20260604_153303.vrs ... ok
[64/105] Converting Miro_4_20260604_153734.vrs ... ok
[65/105] Converting Mona_1_20260624_123312.vrs ... ok
[66/105] Converting Mona_2_20260624_123443.vrs ... ok
[67/105] Converting Mona_3_20260624_123548.vrs ... ok
[68/105] Converting Mona_4_20260624_123706.vrs ... ok
[69/105] Converting Mona_5_20260624_123814.vrs ... ok
[70/105] Converting Mona_6_20260624_123930.vrs ... ok
[71/105] Converting Mona_7_20260624_124051.vrs ... ok
[72/105] Converting Mona_8_20260624_124414.vrs ... ok
[73/105] Converting Suthan_1_20260604_164834.vrs ... ok
[74/105] Converting Suthan_2_20260604_165031.vrs ... ok
[75/105] Converting Suthan_3_20260604_165324.vrs ... ok
[76/105] Converting Suthan_4_20260604_165434.vrs ... ok
[77/105] Converting Test_1_20260624_122109.vrs ... ok
[78/105] Converting Test_2_20260624_122206.vrs ... ok
[79/105] Converting Test_3_20260522_160036.vrs ... ok
[80/105] Converting Test_3_20260624_122314.vrs ... ok
[81/105] Converting Test_4_20260527_161832.vrs ... ok
[82/105] Converting Test_4_20260624_122416.vrs ... ok
[83/105] Converting Test_5_20260624_122509.vrs ... ok
[84/105] Converting Test_6_20260624_122607.vrs ... ok
[85/105] Converting Test_7_20260601_165002.vrs ... ok
[86/105] Converting Test_7_20260624_122709.vrs ... ok
[87/105] Converting Unknown_2_20260616_141751.vrs ... ok
[88/105] Converting Urim_10_20260616_145015.vrs ... ok
[89/105] Converting Urim_1_20260604_160102.vrs ... ok
[90/105] Converting Urim_3_20260604_160345.vrs ... ok
[91/105] Converting Urim_4_20260604_160502.vrs ... ok
[92/105] Converting Urim_5_20260604_160634.vrs ... ok
[93/105] Converting Urim_6_20260616_144055.vrs ... ok
[94/105] Converting Urim_7_20260616_144229.vrs ... ok
[95/105] Converting Urim_8_20260616_144352.vrs ... ok
[96/105] Converting Urim_9_20260616_144841.vrs ... ok
[97/105] Converting Vanessa_1_20260624_132542.vrs ... ok
[98/105] Converting Vanessa_2_20260624_132710.vrs ... ok
[99/105] Converting Vanessa_3_20260624_132807.vrs ... ok
[100/105] Converting Vanessa_4_20260624_132943.vrs ... ok
[101/105] Converting Vanessa_5_20260624_133059.vrs ... ok
[102/105] Converting Vanessa_6_20260624_133209.vrs ... ok
[103/105] Converting Vanessa_7_20260624_133405.vrs ... ok
[104/105] Converting Vanessa_8_20260624_133505.vrs ... ok
[105/105] Converting unknown_20260604_150319.vrs ... ok

Summary
  converted: 105
  skipped existing: 31
  failed: 0

============================================================
4) Result
============================================================
MP4 files after conversion:
136

Finished: Fri Jun 26 08:58:59 PM CEST 2026
VRS to MP4 job done.
